КОНТРОЛА · реплика BL_AGE(2026-08-30) = {"months":1.0184804928131417,"totalDays":31}  (≈1.0 месец)
КОНТРОЛА · реплика BL_AGE(2023-09-30) = {"months":36.0082135523614,"totalDays":1096}  (≈36 месеца)
корпус: 220 въпроса от карти с тесен прозорец (до <= 12 месеца)
  обиколка СЕГА·1м: 18.3s
  обиколка СЕГА·36м: 27.8s
  обиколка ОТВОРЕН·1м: 23.0s
  обиколка ОТВОРЕН·36м: 11.5s

=== ЧИСЛАТА (220 въпроса) ===
А) СЕГА    (жив код) · 1м срещу 36м : 0
Б) ОТВОРЕН гейт      · 1м срещу 36м : 5
   СЕГА·1м  срещу ОТВОРЕН·1м        : 3
   СЕГА·36м срещу ОТВОРЕН·36м       : 3

ПРИСЪДА: ПОЛЕТО `от`/`до` НЕ РАБОТИ В ЖИВИЯ КОД. Гейтът `load` е затворен → възрастМесеци() = null → множителят е 1 за всичките 1621 карти.

примери (36-месечно дете; СЕГА срещу ОТВОРЕН гейт):
  „буди се на всеки час през нощта“  [от 0 до 12]
      СЕГА → mb-san   |   ОТВОРЕН → nm-noshtnite-sabuzhdan
  „откакто се роди бебето голямото остана на заден план“  [от 0 до 12]
      СЕГА → dn-vtoro-serce   |   ОТВОРЕН → w6-vinata-kam-parvoto
  „сън 3-6 месеца, рутина, дневни дремки и нощни хранения“  [от 4 до 6]
      СЕГА → sn-kolko-4-6   |   ОТВОРЕН → mb5-driamki
